[INFO] Scanning for projects...
[INFO] 
[INFO] ---------------------< com.saas:multi-tenant-saas >---------------------
[INFO] Building multi-tenant-saas 0.0.1-SNAPSHOT
[INFO]   from pom.xml
[INFO] --------------------------------[ jar ]---------------------------------
[INFO] 
[INFO] --- resources:3.3.1:resources (default-resources) @ multi-tenant-saas ---
[INFO] Copying 2 resources from src/main/resources to target/classes
[INFO] Copying 0 resource from src/main/resources to target/classes
[INFO] 
[INFO] --- compiler:3.13.0:compile (default-compile) @ multi-tenant-saas ---
[INFO] Recompiling the module because of changed source code.
[INFO] Compiling 29 source files with javac [debug parameters release 21] to target/classes
[INFO] Annotation processing is enabled because one or more processors were found
  on the class path. A future release of javac may disable annotation processing
  unless at least one processor is specified by name (-processor), or a search
  path is specified (--processor-path, --processor-module-path), or annotation
  processing is enabled explicitly (-proc:only, -proc:full).
  Use -Xlint:-options to suppress this message.
  Use -proc:none to disable annotation processing.
[INFO] 
[INFO] --- resources:3.3.1:testResources (default-testResources) @ multi-tenant-saas ---
[INFO] skip non existing resourceDirectory /home/sri/Downloads/halleyx/backend/src/test/resources
[INFO] 
[INFO] --- compiler:3.13.0:testCompile (default-testCompile) @ multi-tenant-saas ---
[INFO] Recompiling the module because of changed dependency.
[INFO] Compiling 1 source file with javac [debug parameters release 21] to target/test-classes
[INFO] Annotation processing is enabled because one or more processors were found
  on the class path. A future release of javac may disable annotation processing
  unless at least one processor is specified by name (-processor), or a search
  path is specified (--processor-path, --processor-module-path), or annotation
  processing is enabled explicitly (-proc:only, -proc:full).
  Use -Xlint:-options to suppress this message.
  Use -proc:none to disable annotation processing.
[INFO] 
[INFO] --- surefire:3.5.2:test (default-test) @ multi-tenant-saas ---
Downloading from central: https://repo.maven.apache.org/maven2/org/apache/maven/surefire/surefire-logger-api/3.5.2/surefire-logger-api-3.5.2.jar
Downloading from central: https://repo.maven.apache.org/maven2/org/apache/maven/surefire/surefire-extensions-api/3.5.2/surefire-extensions-api-3.5.2.jar
Downloading from central: https://repo.maven.apache.org/maven2/org/apache/maven/surefire/surefire-shared-utils/3.5.2/surefire-shared-utils-3.5.2.jar
Downloading from central: https://repo.maven.apache.org/maven2/org/apache/maven/surefire/surefire-api/3.5.2/surefire-api-3.5.2.jar
Downloading from central: https://repo.maven.apache.org/maven2/org/apache/maven/surefire/maven-surefire-common/3.5.2/maven-surefire-common-3.5.2.jar
Progress (1): 0.9/14 kBProgress (2): 0.9/14 kB | 0.9/26 kBProgress (3): 0.9/14 kB | 0.9/26 kB | 0/2.8 MBProgress (4): 0.9/14 kB | 0.9/26 kB | 0/2.8 MB | 0.9/171 kBProgress (5): 0.9/14 kB | 0.9/26 kB | 0/2.8 MB | 0.9/171 kB | 0.9/311 kBProgress (5): 0.9/14 kB | 0.9/26 kB | 0/2.8 MB | 0.9/171 kB | 0.9/311 kBProgress (5): 0.9/14 kB | 2.3/26 kB | 0/2.8 MB | 0.9/171 kB | 0.9/311 kBProgress (5): 2.3/14 kB | 2.3/26 kB | 0/2.8 MB | 0.9/171 kB | 0.9/311 kBProgress (5): 2.3/14 kB | 2.3/26 kB | 0/2.8 MB | 0.9/171 kB | 2.3/311 kBProgress (5): 2.3/14 kB | 2.3/26 kB | 0/2.8 MB | 0.9/171 kB | 2.3/311 kBProgress (5): 2.3/14 kB | 3.6/26 kB | 0/2.8 MB | 0.9/171 kB | 2.3/311 kBProgress (5): 3.6/14 kB | 3.6/26 kB | 0/2.8 MB | 0.9/171 kB | 2.3/311 kBProgress (5): 3.6/14 kB | 3.6/26 kB | 0/2.8 MB | 0.9/171 kB | 3.6/311 kBProgress (5): 3.6/14 kB | 3.6/26 kB | 0/2.8 MB | 0.9/171 kB | 3.6/311 kBProgress (5): 3.6/14 kB | 3.6/26 kB | 0/2.8 MB | 2.3/171 kB | 3.6/311 kBProgress (5): 3.6/14 kB | 5.0/26 kB | 0/2.8 MB | 2.3/171 kB | 3.6/311 kBProgress (5): 3.6/14 kB | 5.0/26 kB | 0/2.8 MB | 2.3/171 kB | 3.6/311 kBProgress (5): 5.0/14 kB | 5.0/26 kB | 0/2.8 MB | 2.3/171 kB | 3.6/311 kBProgress (5): 5.0/14 kB | 5.0/26 kB | 0/2.8 MB | 2.3/171 kB | 5.0/311 kBProgress (5): 5.0/14 kB | 6.4/26 kB | 0/2.8 MB | 2.3/171 kB | 5.0/311 kBProgress (5): 5.0/14 kB | 6.4/26 kB | 0/2.8 MB | 2.3/171 kB | 5.0/311 kBProgress (5): 6.4/14 kB | 6.4/26 kB | 0/2.8 MB | 2.3/171 kB | 5.0/311 kBProgress (5): 6.4/14 kB | 6.4/26 kB | 0/2.8 MB | 2.3/171 kB | 6.4/311 kBProgress (5): 6.4/14 kB | 7.7/26 kB | 0/2.8 MB | 2.3/171 kB | 6.4/311 kBProgress (5): 6.4/14 kB | 7.7/26 kB | 0/2.8 MB | 2.3/171 kB | 6.4/311 kBProgress (5): 7.7/14 kB | 7.7/26 kB | 0/2.8 MB | 2.3/171 kB | 6.4/311 kBProgress (5): 7.7/14 kB | 7.7/26 kB | 0/2.8 MB | 3.6/171 kB | 6.4/311 kBProgress (5): 7.7/14 kB | 7.7/26 kB | 0/2.8 MB | 3.6/171 kB | 7.7/311 kBProgress (5): 7.7/14 kB | 7.7/26 kB | 0/2.8 MB | 3.6/171 kB | 7.7/311 kBProgress (5): 7.7/14 kB | 9.1/26 kB | 0/2.8 MB | 3.6/171 kB | 7.7/311 kBProgress (5): 9.1/14 kB | 9.1/26 kB | 0/2.8 MB | 3.6/171 kB | 7.7/311 kBProgress (5): 9.1/14 kB | 10/26 kB | 0/2.8 MB | 3.6/171 kB | 7.7/311 kB Progress (5): 9.1/14 kB | 10/26 kB | 0/2.8 MB | 3.6/171 kB | 9.1/311 kBProgress (5): 9.1/14 kB | 10/26 kB | 0/2.8 MB | 3.6/171 kB | 9.1/311 kBProgress (5): 10/14 kB | 10/26 kB | 0/2.8 MB | 3.6/171 kB | 9.1/311 kB Progress (5): 10/14 kB | 10/26 kB | 0/2.8 MB | 5.0/171 kB | 9.1/311 kBProgress (5): 10/14 kB | 12/26 kB | 0/2.8 MB | 5.0/171 kB | 9.1/311 kBProgress (5): 10/14 kB | 12/26 kB | 0/2.8 MB | 5.0/171 kB | 9.1/311 kBProgress (5): 10/14 kB | 12/26 kB | 0/2.8 MB | 5.0/171 kB | 10/311 kB Progress (5): 12/14 kB | 12/26 kB | 0/2.8 MB | 5.0/171 kB | 10/311 kBProgress (5): 12/14 kB | 12/26 kB | 0/2.8 MB | 5.0/171 kB | 10/311 kBProgress (5): 12/14 kB | 13/26 kB | 0/2.8 MB | 5.0/171 kB | 10/311 kBProgress (5): 13/14 kB | 13/26 kB | 0/2.8 MB | 5.0/171 kB | 10/311 kBProgress (5): 13/14 kB | 13/26 kB | 0/2.8 MB | 6.4/171 kB | 10/311 kBProgress (5): 13/14 kB | 13/26 kB | 0/2.8 MB | 6.4/171 kB | 12/311 kBProgress (5): 13/14 kB | 13/26 kB | 0/2.8 MB | 6.4/171 kB | 12/311 kBProgress (5): 13/14 kB | 15/26 kB | 0/2.8 MB | 6.4/171 kB | 12/311 kBProgress (5): 14 kB | 15/26 kB | 0/2.8 MB | 6.4/171 kB | 12/311 kB   Progress (5): 14 kB | 15/26 kB | 0/2.8 MB | 6.4/171 kB | 12/311 kBProgress (5): 14 kB | 15/26 kB | 0/2.8 MB | 6.4/171 kB | 13/311 kBProgress (5): 14 kB | 15/26 kB | 0/2.8 MB | 6.4/171 kB | 13/311 kBProgress (5): 14 kB | 16/26 kB | 0/2.8 MB | 6.4/171 kB | 13/311 kBProgress (5): 14 kB | 16/26 kB | 0/2.8 MB | 7.7/171 kB | 13/311 kBProgress (5): 14 kB | 16/26 kB | 0/2.8 MB | 7.7/171 kB | 14/311 kBProgress (5): 14 kB | 16/26 kB | 0/2.8 MB | 7.7/171 kB | 14/311 kBProgress (5): 14 kB | 17/26 kB | 0/2.8 MB | 7.7/171 kB | 14/311 kBProgress (5): 14 kB | 17/26 kB | 0/2.8 MB | 7.7/171 kB | 16/311 kBProgress (5): 14 kB | 17/26 kB | 0/2.8 MB | 7.7/171 kB | 16/311 kBProgress (5): 14 kB | 17/26 kB | 0/2.8 MB | 9.1/171 kB | 16/311 kBProgress (5): 14 kB | 19/26 kB | 0/2.8 MB | 9.1/171 kB | 16/311 kBProgress (5): 14 kB | 19/26 kB | 0/2.8 MB | 9.1/171 kB | 16/311 kBProgress (5): 14 kB | 19/26 kB | 0/2.8 MB | 9.1/171 kB | 17/311 kBProgress (5): 14 kB | 19/26 kB | 0/2.8 MB | 9.1/171 kB | 17/311 kBProgress (5): 14 kB | 20/26 kB | 0/2.8 MB | 9.1/171 kB | 17/311 kBProgress (5): 14 kB | 20/26 kB | 0/2.8 MB | 9.1/171 kB | 18/311 kBProgress (5): 14 kB | 20/26 kB | 0/2.8 MB | 9.1/171 kB | 18/311 kBProgress (5): 14 kB | 20/26 kB | 0/2.8 MB | 10/171 kB | 18/311 kB Progress (5): 14 kB | 21/26 kB | 0/2.8 MB | 10/171 kB | 18/311 kBProgress (5): 14 kB | 21/26 kB | 0/2.8 MB | 10/171 kB | 20/311 kBProgress (5): 14 kB | 21/26 kB | 0/2.8 MB | 10/171 kB | 20/311 kBProgress (5): 14 kB | 23/26 kB | 0/2.8 MB | 10/171 kB | 20/311 kBProgress (5): 14 kB | 23/26 kB | 0/2.8 MB | 10/171 kB | 20/311 kBProgress (5): 14 kB | 23/26 kB | 0/2.8 MB | 12/171 kB | 20/311 kBProgress (5): 14 kB | 23/26 kB | 0/2.8 MB | 12/171 kB | 21/311 kBProgress (5): 14 kB | 24/26 kB | 0/2.8 MB | 12/171 kB | 21/311 kBProgress (5): 14 kB | 24/26 kB | 0/2.8 MB | 12/171 kB | 21/311 kBProgress (5): 14 kB | 24/26 kB | 0/2.8 MB | 12/171 kB | 21/311 kBProgress (5): 14 kB | 24/26 kB | 0/2.8 MB | 12/171 kB | 23/311 kBProgress (5): 14 kB | 24/26 kB | 0/2.8 MB | 12/171 kB | 23/311 kBProgress (5): 14 kB | 26/26 kB | 0/2.8 MB | 12/171 kB | 23/311 kBProgress (5): 14 kB | 26/26 kB | 0/2.8 MB | 14/171 kB | 23/311 kBProgress (5): 14 kB | 26 kB | 0/2.8 MB | 14/171 kB | 23/311 kB   Progress (5): 14 kB | 26 kB | 0/2.8 MB | 14/171 kB | 24/311 kBProgress (5): 14 kB | 26 kB | 0/2.8 MB | 14/171 kB | 24/311 kBProgress (5): 14 kB | 26 kB | 0/2.8 MB | 14/171 kB | 25/311 kBProgress (5): 14 kB | 26 kB | 0/2.8 MB | 14/171 kB | 25/311 kBProgress (5): 14 kB | 26 kB | 0/2.8 MB | 15/171 kB | 25/311 kBProgress (5): 14 kB | 26 kB | 0/2.8 MB | 15/171 kB | 25/311 kBProgress (5): 14 kB | 26 kB | 0/2.8 MB | 15/171 kB | 27/311 kBProgress (5): 14 kB | 26 kB | 0/2.8 MB | 16/171 kB | 27/311 kBProgress (5): 14 kB | 26 kB | 0/2.8 MB | 16/171 kB | 27/311 kBProgress (5): 14 kB | 26 kB | 0/2.8 MB | 16/171 kB | 28/311 kBProgress (5): 14 kB | 26 kB | 0/2.8 MB | 16/171 kB | 28/311 kB                                                              Downloaded from central: https://repo.maven.apache.org/maven2/org/apache/maven/surefire/surefire-extensions-api/3.5.2/surefire-extensions-api-3.5.2.jar (26 kB at 26 kB/s)
Downloading from central: https://repo.maven.apache.org/maven2/org/apache/maven/surefire/surefire-booter/3.5.2/surefire-booter-3.5.2.jar
Progress (4): 14 kB | 0/2.8 MB | 16/171 kB | 28/311 kBProgress (4): 14 kB | 0/2.8 MB | 18/171 kB | 28/311 kBProgress (4): 14 kB | 0/2.8 MB | 18/171 kB | 29/311 kBProgress (4): 14 kB | 0/2.8 MB | 18/171 kB | 29/311 kB                                                      Downloaded from central: https://repo.maven.apache.org/maven2/org/apache/maven/surefire/surefire-logger-api/3.5.2/surefire-logger-api-3.5.2.jar (14 kB at 13 kB/s)
Progress (3): 0/2.8 MB | 18/171 kB | 29/311 kB                                              Downloading from central: https://repo.maven.apache.org/maven2/org/apache/maven/surefire/surefire-extensions-spi/3.5.2/surefire-extensions-spi-3.5.2.jar
Progress (3): 0/2.8 MB | 19/171 kB | 29/311 kBProgress (3): 0/2.8 MB | 19/171 kB | 31/311 kBProgress (3): 0/2.8 MB | 21/171 kB | 31/311 kBProgress (3): 0/2.8 MB | 21/171 kB | 32/311 kBProgress (3): 0/2.8 MB | 22/171 kB | 32/311 kBProgress (3): 0/2.8 MB | 22/171 kB | 33/311 kBProgress (3): 0/2.8 MB | 22/171 kB | 33/311 kBProgress (3): 0/2.8 MB | 22/171 kB | 35/311 kBProgress (3): 0/2.8 MB | 22/171 kB | 35/311 kBProgress (3): 0/2.8 MB | 23/171 kB | 35/311 kBProgress (3): 0/2.8 MB | 23/171 kB | 36/311 kBProgress (3): 0/2.8 MB | 23/171 kB | 36/311 kBProgress (3): 0/2.8 MB | 25/171 kB | 36/311 kBProgress (3): 0/2.8 MB | 25/171 kB | 36/311 kBProgress (3): 0/2.8 MB | 25/171 kB | 38/311 kBProgress (3): 0/2.8 MB | 25/171 kB | 39/311 kBProgress (3): 0/2.8 MB | 25/171 kB | 39/311 kBProgress (3): 0/2.8 MB | 26/171 kB | 39/311 kBProgress (3): 0/2.8 MB | 26/171 kB | 40/311 kBProgress (3): 0.1/2.8 MB | 26/171 kB | 40/311 kBProgress (3): 0.1/2.8 MB | 27/171 kB | 40/311 kBProgress (3): 0.1/2.8 MB | 27/171 kB | 40/311 kBProgress (3): 0.1/2.8 MB | 27/171 kB | 42/311 kBProgress (3): 0.1/2.8 MB | 29/171 kB | 42/311 kBProgress (3): 0.1/2.8 MB | 29/171 kB | 42/311 kBProgress (3): 0.1/2.8 MB | 29/171 kB | 43/311 kBProgress (3): 0.1/2.8 MB | 29/171 kB | 44/311 kBProgress (3): 0.1/2.8 MB | 29/171 kB | 44/311 kBProgress (3): 0.1/2.8 MB | 30/171 kB | 44/311 kBProgress (3): 0.1/2.8 MB | 30/171 kB | 46/311 kBProgress (3): 0.1/2.8 MB | 30/171 kB | 46/311 kBProgress (3): 0.1/2.8 MB | 30/171 kB | 47/311 kBProgress (3): 0.1/2.8 MB | 31/171 kB | 47/311 kBProgress (3): 0.1/2.8 MB | 31/171 kB | 49/311 kBProgress (3): 0.1/2.8 MB | 31/171 kB | 49/311 kBProgress (3): 0.1/2.8 MB | 31/171 kB | 50/311 kBProgress (3): 0.1/2.8 MB | 33/171 kB | 50/311 kBProgress (3): 0.1/2.8 MB | 33/171 kB | 51/311 kBProgress (3): 0.1/2.8 MB | 34/171 kB | 51/311 kBProgress (3): 0.1/2.8 MB | 36/171 kB | 51/311 kBProgress (3): 0.1/2.8 MB | 37/171 kB | 51/311 kBProgress (3): 0.1/2.8 MB | 38/171 kB | 51/311 kBProgress (3): 0.1/2.8 MB | 40/171 kB | 51/311 kBProgress (3): 0.1/2.8 MB | 41/171 kB | 51/311 kBProgress (3): 0.1/2.8 MB | 42/171 kB | 51/311 kBProgress (3): 0.1/2.8 MB | 44/171 kB | 51/311 kBProgress (3): 0.1/2.8 MB | 45/171 kB | 51/311 kBProgress (3): 0.1/2.8 MB | 47/171 kB | 51/311 kBProgress (3): 0.1/2.8 MB | 48/171 kB | 51/311 kBProgress (3): 0.1/2.8 MB | 49/171 kB | 51/311 kBProgress (3): 0.1/2.8 MB | 51/171 kB | 51/311 kBProgress (3): 0.1/2.8 MB | 52/171 kB | 51/311 kBProgress (3): 0.1/2.8 MB | 53/171 kB | 51/311 kBProgress (3): 0.1/2.8 MB | 55/171 kB | 51/311 kBProgress (3): 0.1/2.8 MB | 55/171 kB | 53/311 kBProgress (3): 0.1/2.8 MB | 55/171 kB | 54/311 kBProgress (3): 0.1/2.8 MB | 55/171 kB | 55/311 kBProgress (3): 0.1/2.8 MB | 59/171 kB | 55/311 kBProgress (3): 0.1/2.8 MB | 59/171 kB | 55/311 kBProgress (3): 0.1/2.8 MB | 63/171 kB | 55/311 kBProgress (3): 0.1/2.8 MB | 63/171 kB | 55/311 kBProgress (3): 0.1/2.8 MB | 63/171 kB | 60/311 kBProgress (3): 0.1/2.8 MB | 67/171 kB | 60/311 kBProgress (3): 0.1/2.8 MB | 67/171 kB | 64/311 kBProgress (3): 0.1/2.8 MB | 67/171 kB | 68/311 kBProgress (3): 0.1/2.8 MB | 67/171 kB | 68/311 kBProgress (3): 0.1/2.8 MB | 67/171 kB | 72/311 kBProgress (3): 0.1/2.8 MB | 72/171 kB | 72/311 kBProgress (3): 0.1/2.8 MB | 72/171 kB | 77/311 kBProgress (3): 0.1/2.8 MB | 76/171 kB | 77/311 kBProgress (3): 0.1/2.8 MB | 76/171 kB | 77/311 kBProgress (3): 0.1/2.8 MB | 76/171 kB | 81/311 kBProgress (3): 0.1/2.8 MB | 80/171 kB | 81/311 kBProgress (3): 0.1/2.8 MB | 80/171 kB | 85/311 kBProgress (3): 0.1/2.8 MB | 80/171 kB | 85/311 kBProgress (3): 0.1/2.8 MB | 84/171 kB | 85/311 kBProgress (3): 0.1/2.8 MB | 84/171 kB | 85/311 kBProgress (3): 0.1/2.8 MB | 89/171 kB | 85/311 kBProgress (3): 0.1/2.8 MB | 89/171 kB | 85/311 kBProgress (3): 0.1/2.8 MB | 89/171 kB | 85/311 kBProgress (3): 0.1/2.8 MB | 93/171 kB | 85/311 kBProgress (3): 0.1/2.8 MB | 93/171 kB | 85/311 kBProgress (3): 0.1/2.8 MB | 97/171 kB | 85/311 kBProgress (3): 0.1/2.8 MB | 97/171 kB | 89/311 kBProgress (3): 0.1/2.8 MB | 101/171 kB | 89/311 kBProgress (3): 0.1/2.8 MB | 101/171 kB | 93/311 kBProgress (3): 0.1/2.8 MB | 105/171 kB | 93/311 kBProgress (3): 0.1/2.8 MB | 105/171 kB | 98/311 kBProgress (3): 0.1/2.8 MB | 105/171 kB | 98/311 kBProgress (3): 0.1/2.8 MB | 105/171 kB | 102/311 kBProgress (3): 0.1/2.8 MB | 105/171 kB | 102/311 kBProgress (3): 0.1/2.8 MB | 110/171 kB | 102/311 kBProgress (3): 0.1/2.8 MB | 110/171 kB | 106/311 kBProgress (3): 0.1/2.8 MB | 110/171 kB | 106/311 kBProgress (3): 0.1/2.8 MB | 110/171 kB | 110/311 kBProgress (3): 0.1/2.8 MB | 110/171 kB | 110/311 kBProgress (3): 0.1/2.8 MB | 110/171 kB | 110/311 kBProgress (3): 0.1/2.8 MB | 110/171 kB | 110/311 kBProgress (3): 0.1/2.8 MB | 110/171 kB | 110/311 kBProgress (3): 0.1/2.8 MB | 110/171 kB | 115/311 kBProgress (3): 0.1/2.8 MB | 114/171 kB | 115/311 kBProgress (3): 0.1/2.8 MB | 114/171 kB | 115/311 kBProgress (3): 0.1/2.8 MB | 114/171 kB | 119/311 kBProgress (3): 0.1/2.8 MB | 114/171 kB | 123/311 kBProgress (3): 0.1/2.8 MB | 118/171 kB | 123/311 kBProgress (3): 0.1/2.8 MB | 118/171 kB | 123/311 kBProgress (3): 0.1/2.8 MB | 118/171 kB | 127/311 kBProgress (3): 0.1/2.8 MB | 118/171 kB | 131/311 kBProgress (3): 0.1/2.8 MB | 122/171 kB | 131/311 kBProgress (3): 0.1/2.8 MB | 122/171 kB | 131/311 kBProgress (3): 0.1/2.8 MB | 122/171 kB | 136/311 kBProgress (3): 0.1/2.8 MB | 122/171 kB | 140/311 kBProgress (4): 0.1/2.8 MB | 122/171 kB | 140/311 kB | 0.9/8.2 kBProgress (4): 0.1/2.8 MB | 122/171 kB | 143/311 kB | 0.9/8.2 kBProgress (4): 0.1/2.8 MB | 122/171 kB | 143/311 kB | 0.9/8.2 kBProgress (4): 0.1/2.8 MB | 122/171 kB | 147/311 kB | 0.9/8.2 kBProgress (4): 0.1/2.8 MB | 122/171 kB | 147/311 kB | 2.3/8.2 kBProgress (4): 0.1/2.8 MB | 122/171 kB | 147/311 kB | 3.6/8.2 kBProgress (4): 0.1/2.8 MB | 122/171 kB | 147/311 kB | 3.6/8.2 kBProgress (4): 0.1/2.8 MB | 122/171 kB | 147/311 kB | 5.0/8.2 kBProgress (4): 0.2/2.8 MB | 122/171 kB | 147/311 kB | 5.0/8.2 kBProgress (4): 0.2/2.8 MB | 122/171 kB | 147/311 kB | 6.4/8.2 kBProgress (4): 0.2/2.8 MB | 122/171 kB | 147/311 kB | 7.7/8.2 kBProgress (4): 0.2/2.8 MB | 122/171 kB | 147/311 kB | 8.2 kB    Progress (5): 0.2/2.8 MB | 122/171 kB | 147/311 kB | 8.2 kB | 0.9/118 kBProgress (5): 0.2/2.8 MB | 122/171 kB | 147/311 kB | 8.2 kB | 2.3/118 kBProgress (5): 0.2/2.8 MB | 122/171 kB | 147/311 kB | 8.2 kB | 3.6/118 kBProgress (5): 0.2/2.8 MB | 122/171 kB | 147/311 kB | 8.2 kB | 5.0/118 kBProgress (5): 0.2/2.8 MB | 122/171 kB | 147/311 kB | 8.2 kB | 6.4/118 kBProgress (5): 0.2/2.8 MB | 122/171 kB | 147/311 kB | 8.2 kB | 7.7/118 kB                                                                        Downloaded from central: https://repo.maven.apache.org/maven2/org/apache/maven/surefire/surefire-extensions-spi/3.5.2/surefire-extensions-spi-3.5.2.jar (8.2 kB at 7.7 kB/s)
Downloading from central: https://repo.maven.apache.org/maven2/org/apache/maven/resolver/maven-resolver-util/1.4.1/maven-resolver-util-1.4.1.jar
Progress (4): 0.2/2.8 MB | 122/171 kB | 147/311 kB | 9.1/118 kBProgress (4): 0.2/2.8 MB | 122/171 kB | 147/311 kB | 10/118 kB Progress (4): 0.2/2.8 MB | 122/171 kB | 147/311 kB | 12/118 kBProgress (4): 0.2/2.8 MB | 122/171 kB | 147/311 kB | 13/118 kBProgress (4): 0.2/2.8 MB | 122/171 kB | 147/311 kB | 15/118 kBProgress (4): 0.2/2.8 MB | 122/171 kB | 147/311 kB | 16/118 kBProgress (4): 0.2/2.8 MB | 122/171 kB | 147/311 kB | 17/118 kBProgress (4): 0.2/2.8 MB | 122/171 kB | 147/311 kB | 18/118 kBProgress (4): 0.2/2.8 MB | 122/171 kB | 147/311 kB | 20/118 kBProgress (4): 0.2/2.8 MB | 122/171 kB | 147/311 kB | 21/118 kBProgress (4): 0.2/2.8 MB | 122/171 kB | 147/311 kB | 23/118 kBProgress (4): 0.2/2.8 MB | 122/171 kB | 147/311 kB | 24/118 kBProgress (4): 0.2/2.8 MB | 122/171 kB | 147/311 kB | 25/118 kBProgress (4): 0.2/2.8 MB | 122/171 kB | 147/311 kB | 27/118 kBProgress (4): 0.2/2.8 MB | 122/171 kB | 147/311 kB | 28/118 kBProgress (4): 0.2/2.8 MB | 122/171 kB | 147/311 kB | 28/118 kBProgress (4): 0.2/2.8 MB | 122/171 kB | 147/311 kB | 28/118 kBProgress (4): 0.2/2.8 MB | 122/171 kB | 147/311 kB | 32/118 kBProgress (4): 0.2/2.8 MB | 122/171 kB | 147/311 kB | 32/118 kBProgress (4): 0.2/2.8 MB | 122/171 kB | 147/311 kB | 36/118 kBProgress (4): 0.2/2.8 MB | 122/171 kB | 147/311 kB | 36/118 kBProgress (4): 0.2/2.8 MB | 122/171 kB | 147/311 kB | 41/118 kBProgress (4): 0.2/2.8 MB | 122/171 kB | 147/311 kB | 41/118 kBProgress (4): 0.2/2.8 MB | 122/171 kB | 147/311 kB | 45/118 kBProgress (4): 0.2/2.8 MB | 122/171 kB | 147/311 kB | 49/118 kBProgress (4): 0.2/2.8 MB | 127/171 kB | 147/311 kB | 49/118 kBProgress (4): 0.2/2.8 MB | 127/171 kB | 147/311 kB | 49/118 kBProgress (4): 0.2/2.8 MB | 127/171 kB | 147/311 kB | 53/118 kBProgress (4): 0.2/2.8 MB | 127/171 kB | 147/311 kB | 53/118 kBProgress (4): 0.2/2.8 MB | 131/171 kB | 147/311 kB | 53/118 kBProgress (4): 0.2/2.8 MB | 131/171 kB | 147/311 kB | 53/118 kBProgress (4): 0.2/2.8 MB | 131/171 kB | 147/311 kB | 53/118 kBProgress (4): 0.2/2.8 MB | 135/171 kB | 147/311 kB | 53/118 kBProgress (4): 0.2/2.8 MB | 135/171 kB | 147/311 kB | 53/118 kBProgress (4): 0.2/2.8 MB | 139/171 kB | 147/311 kB | 53/118 kBProgress (4): 0.2/2.8 MB | 139/171 kB | 147/311 kB | 53/118 kBProgress (4): 0.2/2.8 MB | 139/171 kB | 147/311 kB | 53/118 kBProgress (4): 0.2/2.8 MB | 139/171 kB | 147/311 kB | 53/118 kBProgress (4): 0.2/2.8 MB | 139/171 kB | 147/311 kB | 53/118 kBProgress (4): 0.2/2.8 MB | 139/171 kB | 147/311 kB | 53/118 kBProgress (4): 0.2/2.8 MB | 139/171 kB | 147/311 kB | 53/118 kBProgress (4): 0.2/2.8 MB | 139/171 kB | 147/311 kB | 53/118 kBProgress (4): 0.2/2.8 MB | 139/171 kB | 147/311 kB | 53/118 kBProgress (4): 0.3/2.8 MB | 139/171 kB | 147/311 kB | 53/118 kBProgress (4): 0.3/2.8 MB | 139/171 kB | 147/311 kB | 53/118 kBProgress (4): 0.3/2.8 MB | 139/171 kB | 151/311 kB | 53/118 kBProgress (4): 0.3/2.8 MB | 139/171 kB | 151/311 kB | 53/118 kBProgress (4): 0.3/2.8 MB | 139/171 kB | 151/311 kB | 58/118 kBProgress (4): 0.3/2.8 MB | 139/171 kB | 155/311 kB | 58/118 kBProgress (4): 0.3/2.8 MB | 139/171 kB | 160/311 kB | 58/118 kBProgress (4): 0.3/2.8 MB | 139/171 kB | 160/311 kB | 62/118 kBProgress (4): 0.3/2.8 MB | 139/171 kB | 164/311 kB | 62/118 kBProgress (4): 0.3/2.8 MB | 139/171 kB | 168/311 kB | 62/118 kBProgress (4): 0.3/2.8 MB | 139/171 kB | 168/311 kB | 66/118 kBProgress (4): 0.3/2.8 MB | 139/171 kB | 172/311 kB | 66/118 kBProgress (4): 0.3/2.8 MB | 139/171 kB | 172/311 kB | 66/118 kBProgress (4): 0.3/2.8 MB | 139/171 kB | 172/311 kB | 70/118 kBProgress (4): 0.3/2.8 MB | 139/171 kB | 176/311 kB | 70/118 kBProgress (5): 0.3/2.8 MB | 139/171 kB | 176/311 kB | 70/118 kB | 0.9/168 kBProgress (5): 0.3/2.8 MB | 139/171 kB | 181/311 kB | 70/118 kB | 0.9/168 kBProgress (5): 0.3/2.8 MB | 139/171 kB | 181/311 kB | 70/118 kB | 2.3/168 kBProgress (5): 0.3/2.8 MB | 139/171 kB | 181/311 kB | 74/118 kB | 2.3/168 kBProgress (5): 0.3/2.8 MB | 139/171 kB | 185/311 kB | 74/118 kB | 2.3/168 kBProgress (5): 0.3/2.8 MB | 139/171 kB | 185/311 kB | 74/118 kB | 3.6/168 kBProgress (5): 0.3/2.8 MB | 139/171 kB | 189/311 kB | 74/118 kB | 3.6/168 kBProgress (5): 0.3/2.8 MB | 139/171 kB | 189/311 kB | 74/118 kB | 5.0/168 kBProgress (5): 0.3/2.8 MB | 139/171 kB | 189/311 kB | 79/118 kB | 5.0/168 kBProgress (5): 0.3/2.8 MB | 139/171 kB | 193/311 kB | 79/118 kB | 5.0/168 kBProgress (5): 0.3/2.8 MB | 139/171 kB | 193/311 kB | 79/118 kB | 6.4/168 kBProgress (5): 0.3/2.8 MB | 139/171 kB | 193/311 kB | 83/118 kB | 6.4/168 kBProgress (5): 0.3/2.8 MB | 139/171 kB | 198/311 kB | 83/118 kB | 6.4/168 kBProgress (5): 0.3/2.8 MB | 139/171 kB | 198/311 kB | 83/118 kB | 7.7/168 kBProgress (5): 0.3/2.8 MB | 139/171 kB | 202/311 kB | 83/118 kB | 7.7/168 kBProgress (5): 0.3/2.8 MB | 139/171 kB | 202/311 kB | 83/118 kB | 9.1/168 kBProgress (5): 0.3/2.8 MB | 139/171 kB | 206/311 kB | 83/118 kB | 9.1/168 kBProgress (5): 0.3/2.8 MB | 139/171 kB | 206/311 kB | 83/118 kB | 10/168 kB Progress (5): 0.3/2.8 MB | 139/171 kB | 206/311 kB | 83/118 kB | 12/168 kBProgress (5): 0.3/2.8 MB | 139/171 kB | 210/311 kB | 83/118 kB | 12/168 kBProgress (5): 0.3/2.8 MB | 139/171 kB | 210/311 kB | 83/118 kB | 13/168 kBProgress (5): 0.3/2.8 MB | 139/171 kB | 210/311 kB | 83/118 kB | 15/168 kBProgress (5): 0.3/2.8 MB | 139/171 kB | 210/311 kB | 83/118 kB | 16/168 kBProgress (5): 0.3/2.8 MB | 139/171 kB | 215/311 kB | 83/118 kB | 16/168 kBProgress (5): 0.3/2.8 MB | 139/171 kB | 215/311 kB | 83/118 kB | 17/168 kBProgress (5): 0.3/2.8 MB | 139/171 kB | 215/311 kB | 83/118 kB | 19/168 kBProgress (5): 0.3/2.8 MB | 139/171 kB | 219/311 kB | 83/118 kB | 19/168 kBProgress (5): 0.3/2.8 MB | 139/171 kB | 219/311 kB | 83/118 kB | 20/168 kBProgress (5): 0.3/2.8 MB | 139/171 kB | 219/311 kB | 83/118 kB | 21/168 kBProgress (5): 0.3/2.8 MB | 139/171 kB | 223/311 kB | 83/118 kB | 21/168 kBProgress (5): 0.3/2.8 MB | 139/171 kB | 223/311 kB | 83/118 kB | 23/168 kBProgress (5): 0.3/2.8 MB | 139/171 kB | 223/311 kB | 83/118 kB | 24/168 kBProgress (5): 0.3/2.8 MB | 139/171 kB | 223/311 kB | 83/118 kB | 26/168 kBProgress (5): 0.3/2.8 MB | 139/171 kB | 223/311 kB | 83/118 kB | 27/168 kBProgress (5): 0.3/2.8 MB | 139/171 kB | 223/311 kB | 83/118 kB | 28/168 kBProgress (5): 0.3/2.8 MB | 139/171 kB | 239/311 kB | 83/118 kB | 28/168 kBProgress (5): 0.3/2.8 MB | 139/171 kB | 256/311 kB | 83/118 kB | 28/168 kBProgress (5): 0.3/2.8 MB | 139/171 kB | 272/311 kB | 83/118 kB | 28/168 kBProgress (5): 0.3/2.8 MB | 139/171 kB | 274/311 kB | 83/118 kB | 28/168 kBProgress (5): 0.3/2.8 MB | 139/171 kB | 290/311 kB | 83/118 kB | 28/168 kBProgress (5): 0.3/2.8 MB | 139/171 kB | 290/311 kB | 83/118 kB | 30/168 kBProgress (5): 0.3/2.8 MB | 139/171 kB | 290/311 kB | 87/118 kB | 30/168 kBProgress (5): 0.3/2.8 MB | 139/171 kB | 290/311 kB | 87/118 kB | 31/168 kBProgress (5): 0.3/2.8 MB | 139/171 kB | 290/311 kB | 91/118 kB | 31/168 kBProgress (5): 0.3/2.8 MB | 139/171 kB | 290/311 kB | 96/118 kB | 31/168 kBProgress (5): 0.3/2.8 MB | 139/171 kB | 290/311 kB | 96/118 kB | 35/168 kBProgress (5): 0.3/2.8 MB | 139/171 kB | 290/311 kB | 100/118 kB | 35/168 kBProgress (5): 0.3/2.8 MB | 139/171 kB | 290/311 kB | 100/118 kB | 39/168 kBProgress (5): 0.3/2.8 MB | 139/171 kB | 290/311 kB | 104/118 kB | 39/168 kBProgress (5): 0.3/2.8 MB | 139/171 kB | 306/311 kB | 104/118 kB | 39/168 kBProgress (5): 0.3/2.8 MB | 139/171 kB | 306/311 kB | 104/118 kB | 44/168 kBProgress (5): 0.3/2.8 MB | 139/171 kB | 311 kB | 104/118 kB | 44/168 kB    Progress (5): 0.3/2.8 MB | 139/171 kB | 311 kB | 108/118 kB | 44/168 kBProgress (5): 0.3/2.8 MB | 139/171 kB | 311 kB | 108/118 kB | 48/168 kBProgress (5): 0.3/2.8 MB | 139/171 kB | 311 kB | 113/118 kB | 48/168 kBProgress (5): 0.3/2.8 MB | 139/171 kB | 311 kB | 113/118 kB | 52/168 kBProgress (5): 0.3/2.8 MB | 139/171 kB | 311 kB | 117/118 kB | 52/168 kBProgress (5): 0.3/2.8 MB | 139/171 kB | 311 kB | 118 kB | 52/168 kB                                                                       Downloaded from central: https://repo.maven.apache.org/maven2/org/apache/maven/surefire/maven-surefire-common/3.5.2/maven-surefire-common-3.5.2.jar (311 kB at 239 kB/s)
Downloading from central: https://repo.maven.apache.org/maven2/org/apache/maven/resolver/maven-resolver-api/1.4.1/maven-resolver-api-1.4.1.jar
Downloaded from central: https://repo.maven.apache.org/maven2/org/apache/maven/surefire/surefire-booter/3.5.2/surefire-booter-3.5.2.jar (118 kB at 90 kB/s)
Downloading from central: https://repo.maven.apache.org/maven2/org/apache/maven/shared/maven-common-artifact-filters/3.4.0/maven-common-artifact-filters-3.4.0.jar
Progress (3): 0.3/2.8 MB | 143/171 kB | 52/168 kBProgress (3): 0.3/2.8 MB | 143/171 kB | 56/168 kBProgress (3): 0.3/2.8 MB | 143/171 kB | 61/168 kBProgress (3): 0.3/2.8 MB | 143/171 kB | 61/168 kBProgress (3): 0.3/2.8 MB | 143/171 kB | 61/168 kBProgress (3): 0.3/2.8 MB | 143/171 kB | 66/168 kBProgress (3): 0.3/2.8 MB | 143/171 kB | 70/168 kBProgress (3): 0.3/2.8 MB | 143/171 kB | 74/168 kBProgress (4): 0.3/2.8 MB | 143/171 kB | 74/168 kB | 3.4/58 kBProgress (4): 0.3/2.8 MB | 143/171 kB | 74/168 kB | 3.4/58 kBProgress (5): 0.3/2.8 MB | 143/171 kB | 74/168 kB | 3.4/58 kB | 3.8/149 kBProgress (5): 0.3/2.8 MB | 143/171 kB | 78/168 kB | 3.4/58 kB | 3.8/149 kBProgress (5): 0.3/2.8 MB | 143/171 kB | 83/168 kB | 3.4/58 kB | 3.8/149 kBProgress (5): 0.3/2.8 MB | 143/171 kB | 83/168 kB | 3.4/58 kB | 8.0/149 kBProgress (5): 0.3/2.8 MB | 143/171 kB | 87/168 kB | 3.4/58 kB | 8.0/149 kBProgress (5): 0.3/2.8 MB | 143/171 kB | 91/168 kB | 3.4/58 kB | 8.0/149 kBProgress (5): 0.3/2.8 MB | 143/171 kB | 91/168 kB | 3.4/58 kB | 12/149 kB Progress (5): 0.3/2.8 MB | 143/171 kB | 95/168 kB | 3.4/58 kB | 12/149 kBProgress (5): 0.3/2.8 MB | 143/171 kB | 95/168 kB | 3.4/58 kB | 16/149 kBProgress (5): 0.3/2.8 MB | 143/171 kB | 95/168 kB | 3.4/58 kB | 21/149 kBProgress (5): 0.3/2.8 MB | 143/171 kB | 95/168 kB | 3.4/58 kB | 25/149 kBProgress (5): 0.3/2.8 MB | 143/171 kB | 100/168 kB | 3.4/58 kB | 25/149 kBProgress (5): 0.3/2.8 MB | 143/171 kB | 100/168 kB | 3.4/58 kB | 29/149 kBProgress (5): 0.3/2.8 MB | 143/171 kB | 104/168 kB | 3.4/58 kB | 29/149 kBProgress (5): 0.3/2.8 MB | 143/171 kB | 104/168 kB | 3.4/58 kB | 33/149 kBProgress (5): 0.3/2.8 MB | 143/171 kB | 104/168 kB | 3.4/58 kB | 37/149 kBProgress (5): 0.3/2.8 MB | 143/171 kB | 108/168 kB | 3.4/58 kB | 37/149 kBProgress (5): 0.3/2.8 MB | 143/171 kB | 108/168 kB | 3.4/58 kB | 41/149 kBProgress (5): 0.3/2.8 MB | 143/171 kB | 108/168 kB | 3.4/58 kB | 46/149 kBProgress (5): 0.3/2.8 MB | 143/171 kB | 112/168 kB | 3.4/58 kB | 46/149 kBProgress (5): 0.3/2.8 MB | 143/171 kB | 112/168 kB | 3.4/58 kB | 50/149 kBProgress (5): 0.3/2.8 MB | 143/171 kB | 112/168 kB | 3.4/58 kB | 54/149 kBProgress (5): 0.3/2.8 MB | 143/171 kB | 112/168 kB | 20/58 kB | 54/149 kB Progress (5): 0.3/2.8 MB | 143/171 kB | 112/168 kB | 20/58 kB | 54/149 kBProgress (5): 0.3/2.8 MB | 143/171 kB | 112/168 kB | 28/58 kB | 54/149 kBProgress (5): 0.4/2.8 MB | 143/171 kB | 112/168 kB | 28/58 kB | 54/149 kBProgress (5): 0.4/2.8 MB | 143/171 kB | 112/168 kB | 28/58 kB | 58/149 kBProgress (5): 0.4/2.8 MB | 143/171 kB | 112/168 kB | 28/58 kB | 63/149 kBProgress (5): 0.4/2.8 MB | 143/171 kB | 112/168 kB | 28/58 kB | 67/149 kBProgress (5): 0.4/2.8 MB | 143/171 kB | 112/168 kB | 28/58 kB | 71/149 kBProgress (5): 0.4/2.8 MB | 143/171 kB | 112/168 kB | 28/58 kB | 75/149 kBProgress (5): 0.4/2.8 MB | 148/171 kB | 112/168 kB | 28/58 kB | 75/149 kBProgress (5): 0.4/2.8 MB | 148/171 kB | 112/168 kB | 28/58 kB | 75/149 kBProgress (5): 0.4/2.8 MB | 152/171 kB | 112/168 kB | 28/58 kB | 75/149 kBProgress (5): 0.4/2.8 MB | 156/171 kB | 112/168 kB | 28/58 kB | 75/149 kBProgress (5): 0.4/2.8 MB | 160/171 kB | 112/168 kB | 28/58 kB | 75/149 kBProgress (5): 0.4/2.8 MB | 165/171 kB | 112/168 kB | 28/58 kB | 75/149 kBProgress (5): 0.4/2.8 MB | 169/171 kB | 112/168 kB | 28/58 kB | 75/149 kBProgress (5): 0.4/2.8 MB | 171 kB | 112/168 kB | 28/58 kB | 75/149 kB    Progress (5): 0.4/2.8 MB | 171 kB | 116/168 kB | 28/58 kB | 75/149 kBProgress (5): 0.4/2.8 MB | 171 kB | 116/168 kB | 44/58 kB | 75/149 kB                                                                     Downloaded from central: https://repo.maven.apache.org/maven2/org/apache/maven/surefire/surefire-api/3.5.2/surefire-api-3.5.2.jar (171 kB at 90 kB/s)
Downloading from central: https://repo.maven.apache.org/maven2/org/codehaus/plexus/plexus-java/1.3.0/plexus-java-1.3.0.jar
Progress (4): 0.4/2.8 MB | 121/168 kB | 44/58 kB | 75/149 kBProgress (4): 0.4/2.8 MB | 125/168 kB | 44/58 kB | 75/149 kBProgress (4): 0.4/2.8 MB | 129/168 kB | 44/58 kB | 75/149 kBProgress (4): 0.4/2.8 MB | 133/168 kB | 44/58 kB | 75/149 kBProgress (4): 0.4/2.8 MB | 138/168 kB | 44/58 kB | 75/149 kBProgress (4): 0.4/2.8 MB | 138/168 kB | 44/58 kB | 92/149 kBProgress (4): 0.4/2.8 MB | 142/168 kB | 44/58 kB | 92/149 kBProgress (4): 0.4/2.8 MB | 146/168 kB | 44/58 kB | 92/149 kBProgress (4): 0.4/2.8 MB | 150/168 kB | 44/58 kB | 92/149 kBProgress (4): 0.4/2.8 MB | 150/168 kB | 58 kB | 92/149 kB   Progress (4): 0.4/2.8 MB | 150/168 kB | 58 kB | 108/149 kB                                                          Downloaded from central: https://repo.maven.apache.org/maven2/org/apache/maven/shared/maven-common-artifact-filters/3.4.0/maven-common-artifact-filters-3.4.0.jar (58 kB at 31 kB/s)
Downloading from central: https://repo.maven.apache.org/maven2/org/ow2/asm/asm/9.7/asm-9.7.jar
Progress (3): 0.4/2.8 MB | 154/168 kB | 108/149 kBProgress (3): 0.4/2.8 MB | 159/168 kB | 108/149 kBProgress (3): 0.4/2.8 MB | 163/168 kB | 108/149 kBProgress (3): 0.4/2.8 MB | 167/168 kB | 108/149 kBProgress (3): 0.4/2.8 MB | 167/168 kB | 124/149 kBProgress (3): 0.4/2.8 MB | 167/168 kB | 124/149 kBProgress (3): 0.4/2.8 MB | 168 kB | 124/149 kB    Progress (3): 0.4/2.8 MB | 168 kB | 124/149 kB                                              Downloaded from central: https://repo.maven.apache.org/maven2/org/apache/maven/resolver/maven-resolver-util/1.4.1/maven-resolver-util-1.4.1.jar (168 kB at 87 kB/s)
Progress (2): 0.4/2.8 MB | 141/149 kB                                     Downloading from central: https://repo.maven.apache.org/maven2/com/thoughtworks/qdox/qdox/2.1.0/qdox-2.1.0.jar
Progress (2): 0.4/2.8 MB | 141/149 kBProgress (2): 0.4/2.8 MB | 141/149 kBProgress (2): 0.5/2.8 MB | 141/149 kBProgress (2): 0.5/2.8 MB | 149 kB    Progress (2): 0.5/2.8 MB | 149 kB                                 Downloaded from central: https://repo.maven.apache.org/maven2/org/apache/maven/resolver/maven-resolver-api/1.4.1/maven-resolver-api-1.4.1.jar (149 kB at 77 kB/s)
Progress (1): 0.5/2.8 MBProgress (1): 0.5/2.8 MBProgress (1): 0.5/2.8 MBProgress (1): 0.5/2.8 MBProgress (2): 0.5/2.8 MB | 3.8/57 kBProgress (3): 0.5/2.8 MB | 3.8/57 kB | 7.7/125 kBProgress (4): 0.5/2.8 MB | 3.8/57 kB | 7.7/125 kB | 3.8/348 kBProgress (4): 0.5/2.8 MB | 3.8/57 kB | 16/125 kB | 3.8/348 kB Progress (4): 0.5/2.8 MB | 3.8/57 kB | 16/125 kB | 3.8/348 kBProgress (4): 0.5/2.8 MB | 3.8/57 kB | 16/125 kB | 8.0/348 kBProgress (4): 0.5/2.8 MB | 7.7/57 kB | 16/125 kB | 8.0/348 kBProgress (4): 0.5/2.8 MB | 7.7/57 kB | 29/125 kB | 8.0/348 kBProgress (4): 0.5/2.8 MB | 7.7/57 kB | 29/125 kB | 12/348 kB Progress (4): 0.5/2.8 MB | 7.7/57 kB | 29/125 kB | 16/348 kBProgress (4): 0.6/2.8 MB | 7.7/57 kB | 29/125 kB | 16/348 kBProgress (4): 0.6/2.8 MB | 7.7/57 kB | 45/125 kB | 16/348 kBProgress (4): 0.6/2.8 MB | 7.7/57 kB | 45/125 kB | 21/348 kBProgress (4): 0.6/2.8 MB | 7.7/57 kB | 45/125 kB | 25/348 kBProgress (4): 0.6/2.8 MB | 7.7/57 kB | 45/125 kB | 25/348 kBProgress (4): 0.6/2.8 MB | 7.7/57 kB | 45/125 kB | 25/348 kBProgress (4): 0.6/2.8 MB | 7.7/57 kB | 45/125 kB | 41/348 kBProgress (4): 0.6/2.8 MB | 7.7/57 kB | 45/125 kB | 58/348 kBProgress (4): 0.6/2.8 MB | 7.7/57 kB | 45/125 kB | 74/348 kBProgress (4): 0.6/2.8 MB | 7.7/57 kB | 45/125 kB | 90/348 kBProgress (4): 0.6/2.8 MB | 7.7/57 kB | 45/125 kB | 107/348 kBProgress (4): 0.6/2.8 MB | 7.7/57 kB | 61/125 kB | 107/348 kBProgress (4): 0.6/2.8 MB | 7.7/57 kB | 61/125 kB | 107/348 kBProgress (4): 0.6/2.8 MB | 12/57 kB | 61/125 kB | 107/348 kB Progress (4): 0.6/2.8 MB | 16/57 kB | 61/125 kB | 107/348 kBProgress (4): 0.6/2.8 MB | 20/57 kB | 61/125 kB | 107/348 kBProgress (4): 0.6/2.8 MB | 20/57 kB | 61/125 kB | 107/348 kBProgress (4): 0.6/2.8 MB | 25/57 kB | 61/125 kB | 107/348 kBProgress (4): 0.6/2.8 MB | 25/57 kB | 61/125 kB | 107/348 kBProgress (4): 0.7/2.8 MB | 25/57 kB | 61/125 kB | 107/348 kBProgress (4): 0.7/2.8 MB | 29/57 kB | 61/125 kB | 107/348 kBProgress (4): 0.7/2.8 MB | 33/57 kB | 61/125 kB | 107/348 kBProgress (4): 0.7/2.8 MB | 33/57 kB | 61/125 kB | 123/348 kBProgress (4): 0.7/2.8 MB | 33/57 kB | 78/125 kB | 123/348 kBProgress (4): 0.7/2.8 MB | 33/57 kB | 78/125 kB | 123/348 kBProgress (4): 0.7/2.8 MB | 33/57 kB | 78/125 kB | 131/348 kBProgress (4): 0.7/2.8 MB | 33/57 kB | 78/125 kB | 147/348 kBProgress (4): 0.7/2.8 MB | 33/57 kB | 78/125 kB | 163/348 kBProgress (4): 0.7/2.8 MB | 33/57 kB | 78/125 kB | 180/348 kBProgress (4): 0.7/2.8 MB | 33/57 kB | 78/125 kB | 196/348 kBProgress (4): 0.7/2.8 MB | 33/57 kB | 94/125 kB | 196/348 kBProgress (4): 0.7/2.8 MB | 33/57 kB | 94/125 kB | 212/348 kBProgress (4): 0.7/2.8 MB | 33/57 kB | 94/125 kB | 229/348 kBProgress (4): 0.7/2.8 MB | 33/57 kB | 111/125 kB | 229/348 kBProgress (4): 0.7/2.8 MB | 33/57 kB | 111/125 kB | 245/348 kBProgress (4): 0.7/2.8 MB | 33/57 kB | 111/125 kB | 262/348 kBProgress (4): 0.7/2.8 MB | 33/57 kB | 111/125 kB | 278/348 kBProgress (4): 0.7/2.8 MB | 33/57 kB | 111/125 kB | 294/348 kBProgress (4): 0.7/2.8 MB | 33/57 kB | 125 kB | 294/348 kB    Progress (4): 0.7/2.8 MB | 33/57 kB | 125 kB | 294/348 kBProgress (4): 0.7/2.8 MB | 33/57 kB | 125 kB | 294/348 kB                                                         Downloaded from central: https://repo.maven.apache.org/maven2/org/ow2/asm/asm/9.7/asm-9.7.jar (125 kB at 59 kB/s)
Progress (3): 0.7/2.8 MB | 33/57 kB | 294/348 kBProgress (3): 0.7/2.8 MB | 33/57 kB | 294/348 kBProgress (3): 0.7/2.8 MB | 37/57 kB | 294/348 kBProgress (3): 0.7/2.8 MB | 42/57 kB | 294/348 kBProgress (3): 0.7/2.8 MB | 46/57 kB | 294/348 kBProgress (3): 0.7/2.8 MB | 50/57 kB | 294/348 kBProgress (3): 0.7/2.8 MB | 50/57 kB | 294/348 kBProgress (3): 0.7/2.8 MB | 57 kB | 294/348 kB   Progress (3): 0.8/2.8 MB | 57 kB | 294/348 kB                                             Downloaded from central: https://repo.maven.apache.org/maven2/org/codehaus/plexus/plexus-java/1.3.0/plexus-java-1.3.0.jar (57 kB at 25 kB/s)
Progress (2): 0.8/2.8 MB | 294/348 kBProgress (2): 0.8/2.8 MB | 294/348 kBProgress (2): 0.8/2.8 MB | 294/348 kBProgress (2): 0.8/2.8 MB | 294/348 kBProgress (2): 0.8/2.8 MB | 294/348 kBProgress (2): 0.9/2.8 MB | 294/348 kBProgress (2): 0.9/2.8 MB | 294/348 kBProgress (2): 0.9/2.8 MB | 294/348 kBProgress (2): 0.9/2.8 MB | 294/348 kBProgress (2): 0.9/2.8 MB | 294/348 kBProgress (2): 0.9/2.8 MB | 294/348 kBProgress (2): 1.0/2.8 MB | 294/348 kBProgress (2): 1.0/2.8 MB | 294/348 kBProgress (2): 1.0/2.8 MB | 294/348 kBProgress (2): 1.0/2.8 MB | 294/348 kBProgress (2): 1.0/2.8 MB | 294/348 kBProgress (2): 1.0/2.8 MB | 311/348 kBProgress (2): 1.0/2.8 MB | 311/348 kBProgress (2): 1.1/2.8 MB | 311/348 kBProgress (2): 1.1/2.8 MB | 311/348 kBProgress (2): 1.1/2.8 MB | 311/348 kBProgress (2): 1.1/2.8 MB | 311/348 kBProgress (2): 1.1/2.8 MB | 311/348 kBProgress (2): 1.1/2.8 MB | 311/348 kBProgress (2): 1.2/2.8 MB | 311/348 kBProgress (2): 1.2/2.8 MB | 311/348 kBProgress (2): 1.2/2.8 MB | 311/348 kBProgress (2): 1.2/2.8 MB | 311/348 kBProgress (2): 1.2/2.8 MB | 311/348 kBProgress (2): 1.2/2.8 MB | 311/348 kBProgress (2): 1.3/2.8 MB | 311/348 kBProgress (2): 1.3/2.8 MB | 311/348 kBProgress (2): 1.3/2.8 MB | 311/348 kBProgress (2): 1.3/2.8 MB | 311/348 kBProgress (2): 1.3/2.8 MB | 311/348 kBProgress (2): 1.3/2.8 MB | 327/348 kBProgress (2): 1.3/2.8 MB | 327/348 kBProgress (2): 1.4/2.8 MB | 327/348 kBProgress (2): 1.4/2.8 MB | 327/348 kBProgress (2): 1.4/2.8 MB | 327/348 kBProgress (2): 1.4/2.8 MB | 327/348 kBProgress (2): 1.4/2.8 MB | 327/348 kBProgress (2): 1.4/2.8 MB | 327/348 kBProgress (2): 1.4/2.8 MB | 344/348 kBProgress (2): 1.4/2.8 MB | 348 kB    Progress (2): 1.5/2.8 MB | 348 kBProgress (2): 1.5/2.8 MB | 348 kB                                 Downloaded from central: https://repo.maven.apache.org/maven2/com/thoughtworks/qdox/qdox/2.1.0/qdox-2.1.0.jar (348 kB at 106 kB/s)
Progress (1): 1.5/2.8 MBProgress (1): 1.5/2.8 MBProgress (1): 1.5/2.8 MBProgress (1): 1.5/2.8 MBProgress (1): 1.6/2.8 MBProgress (1): 1.6/2.8 MBProgress (1): 1.6/2.8 MBProgress (1): 1.6/2.8 MBProgress (1): 1.6/2.8 MBProgress (1): 1.6/2.8 MBProgress (1): 1.7/2.8 MBProgress (1): 1.7/2.8 MBProgress (1): 1.7/2.8 MBProgress (1): 1.7/2.8 MBProgress (1): 1.7/2.8 MBProgress (1): 1.7/2.8 MBProgress (1): 1.7/2.8 MBProgress (1): 1.8/2.8 MBProgress (1): 1.8/2.8 MBProgress (1): 1.8/2.8 MBProgress (1): 1.8/2.8 MBProgress (1): 1.8/2.8 MBProgress (1): 1.8/2.8 MBProgress (1): 1.9/2.8 MBProgress (1): 1.9/2.8 MBProgress (1): 1.9/2.8 MBProgress (1): 1.9/2.8 MBProgress (1): 1.9/2.8 MBProgress (1): 1.9/2.8 MBProgress (1): 2.0/2.8 MBProgress (1): 2.0/2.8 MBProgress (1): 2.0/2.8 MBProgress (1): 2.0/2.8 MBProgress (1): 2.0/2.8 MBProgress (1): 2.0/2.8 MBProgress (1): 2.1/2.8 MBProgress (1): 2.1/2.8 MBProgress (1): 2.1/2.8 MBProgress (1): 2.1/2.8 MBProgress (1): 2.1/2.8 MBProgress (1): 2.1/2.8 MBProgress (1): 2.2/2.8 MBProgress (1): 2.2/2.8 MBProgress (1): 2.2/2.8 MBProgress (1): 2.2/2.8 MBProgress (1): 2.2/2.8 MBProgress (1): 2.2/2.8 MBProgress (1): 2.3/2.8 MBProgress (1): 2.3/2.8 MBProgress (1): 2.3/2.8 MBProgress (1): 2.3/2.8 MBProgress (1): 2.3/2.8 MBProgress (1): 2.3/2.8 MBProgress (1): 2.4/2.8 MBProgress (1): 2.4/2.8 MBProgress (1): 2.4/2.8 MBProgress (1): 2.4/2.8 MBProgress (1): 2.4/2.8 MBProgress (1): 2.4/2.8 MBProgress (1): 2.5/2.8 MBProgress (1): 2.5/2.8 MBProgress (1): 2.5/2.8 MBProgress (1): 2.5/2.8 MBProgress (1): 2.5/2.8 MBProgress (1): 2.5/2.8 MBProgress (1): 2.6/2.8 MBProgress (1): 2.6/2.8 MBProgress (1): 2.6/2.8 MBProgress (1): 2.6/2.8 MBProgress (1): 2.6/2.8 MBProgress (1): 2.6/2.8 MBProgress (1): 2.7/2.8 MBProgress (1): 2.7/2.8 MBProgress (1): 2.7/2.8 MBProgress (1): 2.7/2.8 MBProgress (1): 2.7/2.8 MBProgress (1): 2.7/2.8 MBProgress (1): 2.7/2.8 MBProgress (1): 2.8/2.8 MBProgress (1): 2.8/2.8 MBProgress (1): 2.8/2.8 MBProgress (1): 2.8/2.8 MBProgress (1): 2.8 MB                        Downloaded from central: https://repo.maven.apache.org/maven2/org/apache/maven/surefire/surefire-shared-utils/3.5.2/surefire-shared-utils-3.5.2.jar (2.8 MB at 354 kB/s)
[INFO] Using auto detected provider org.apache.maven.surefire.junitplatform.JUnitPlatformProvider
Downloading from central: https://repo.maven.apache.org/maven2/org/apache/maven/surefire/surefire-junit-platform/3.5.2/surefire-junit-platform-3.5.2.pom
Progress (1): 839 BProgress (1): 3.1 kBProgress (1): 5.7 kB                    Downloaded from central: https://repo.maven.apache.org/maven2/org/apache/maven/surefire/surefire-junit-platform/3.5.2/surefire-junit-platform-3.5.2.pom (5.7 kB at 35 kB/s)
Downloading from central: https://repo.maven.apache.org/maven2/org/apache/maven/surefire/surefire-providers/3.5.2/surefire-providers-3.5.2.pom
Progress (1): 854 BProgress (1): 2.6 kB                    Downloaded from central: https://repo.maven.apache.org/maven2/org/apache/maven/surefire/surefire-providers/3.5.2/surefire-providers-3.5.2.pom (2.6 kB at 22 kB/s)
Downloading from central: https://repo.maven.apache.org/maven2/org/apache/maven/surefire/common-java5/3.5.2/common-java5-3.5.2.pom
Progress (1): 854 BProgress (1): 2.6 kBProgress (1): 2.8 kB                    Downloaded from central: https://repo.maven.apache.org/maven2/org/apache/maven/surefire/common-java5/3.5.2/common-java5-3.5.2.pom (2.8 kB at 31 kB/s)
Downloading from central: https://repo.maven.apache.org/maven2/org/junit/platform/junit-platform-engine/1.9.3/junit-platform-engine-1.9.3.pom
Progress (1): 957 BProgress (1): 3.2 kB                    Downloaded from central: https://repo.maven.apache.org/maven2/org/junit/platform/junit-platform-engine/1.9.3/junit-platform-engine-1.9.3.pom (3.2 kB at 5.2 kB/s)
Downloading from central: https://repo.maven.apache.org/maven2/org/opentest4j/opentest4j/1.2.0/opentest4j-1.2.0.pom
Progress (1): 1.2 kBProgress (1): 1.7 kB                    Downloaded from central: https://repo.maven.apache.org/maven2/org/opentest4j/opentest4j/1.2.0/opentest4j-1.2.0.pom (1.7 kB at 5.6 kB/s)
Downloading from central: https://repo.maven.apache.org/maven2/org/junit/platform/junit-platform-commons/1.9.3/junit-platform-commons-1.9.3.pom
Progress (1): 971 BProgress (1): 2.8 kB                    Downloaded from central: https://repo.maven.apache.org/maven2/org/junit/platform/junit-platform-commons/1.9.3/junit-platform-commons-1.9.3.pom (2.8 kB at 3.4 kB/s)
Downloading from central: https://repo.maven.apache.org/maven2/org/junit/platform/junit-platform-launcher/1.9.3/junit-platform-launcher-1.9.3.pom
Progress (1): 966 BProgress (1): 3.0 kB                    Downloaded from central: https://repo.maven.apache.org/maven2/org/junit/platform/junit-platform-launcher/1.9.3/junit-platform-launcher-1.9.3.pom (3.0 kB at 11 kB/s)
Downloading from central: https://repo.maven.apache.org/maven2/org/apache/maven/surefire/surefire-junit-platform/3.5.2/surefire-junit-platform-3.5.2.jar
Downloading from central: https://repo.maven.apache.org/maven2/org/apache/maven/surefire/common-java5/3.5.2/common-java5-3.5.2.jar
Downloading from central: https://repo.maven.apache.org/maven2/org/junit/platform/junit-platform-engine/1.9.3/junit-platform-engine-1.9.3.jar
Downloading from central: https://repo.maven.apache.org/maven2/org/opentest4j/opentest4j/1.2.0/opentest4j-1.2.0.jar
Downloading from central: https://repo.maven.apache.org/maven2/org/junit/platform/junit-platform-commons/1.9.3/junit-platform-commons-1.9.3.jar
Progress (1): 7.7 kBProgress (2): 7.7 kB | 7.7/18 kBProgress (2): 7.7 kB | 16/18 kB Progress (2): 7.7 kB | 18 kB                               Downloaded from central: https://repo.maven.apache.org/maven2/org/opentest4j/opentest4j/1.2.0/opentest4j-1.2.0.jar (7.7 kB at 64 kB/s)
Downloading from central: https://repo.maven.apache.org/maven2/org/junit/platform/junit-platform-launcher/1.9.3/junit-platform-launcher-1.9.3.jar
Downloaded from central: https://repo.maven.apache.org/maven2/org/apache/maven/surefire/common-java5/3.5.2/common-java5-3.5.2.jar (18 kB at 146 kB/s)
Progress (1): 7.7/189 kBProgress (2): 7.7/189 kB | 7.4/169 kBProgress (2): 16/189 kB | 7.4/169 kB Progress (3): 16/189 kB | 7.4/169 kB | 7.7/27 kBProgress (3): 16/189 kB | 7.4/169 kB | 16/27 kB Progress (4): 16/189 kB | 7.4/169 kB | 16/27 kB | 7.7/103 kBProgress (4): 24/189 kB | 7.4/169 kB | 16/27 kB | 7.7/103 kBProgress (4): 24/189 kB | 7.4/169 kB | 16/27 kB | 16/103 kB Progress (4): 24/189 kB | 24/169 kB | 16/27 kB | 16/103 kB Progress (4): 40/189 kB | 24/169 kB | 16/27 kB | 16/103 kBProgress (4): 40/189 kB | 24/169 kB | 16/27 kB | 25/103 kBProgress (4): 40/189 kB | 24/169 kB | 27 kB | 25/103 kB   Progress (4): 40/189 kB | 40/169 kB | 27 kB | 25/103 kBProgress (4): 40/189 kB | 40/169 kB | 27 kB | 41/103 kB                                                       Downloaded from central: https://repo.maven.apache.org/maven2/org/apache/maven/surefire/surefire-junit-platform/3.5.2/surefire-junit-platform-3.5.2.jar (27 kB at 66 kB/s)
Progress (3): 40/189 kB | 40/169 kB | 57/103 kBProgress (3): 40/189 kB | 40/169 kB | 74/103 kBProgress (3): 40/189 kB | 57/169 kB | 74/103 kBProgress (3): 57/189 kB | 57/169 kB | 74/103 kBProgress (3): 57/189 kB | 57/169 kB | 90/103 kBProgress (3): 73/189 kB | 57/169 kB | 90/103 kBProgress (3): 90/189 kB | 57/169 kB | 90/103 kBProgress (3): 90/189 kB | 57/169 kB | 103 kB   Progress (3): 90/189 kB | 73/169 kB | 103 kB                                            Downloaded from central: https://repo.maven.apache.org/maven2/org/junit/platform/junit-platform-commons/1.9.3/junit-platform-commons-1.9.3.jar (103 kB at 219 kB/s)
Progress (2): 90/189 kB | 89/169 kBProgress (2): 106/189 kB | 89/169 kBProgress (2): 122/189 kB | 89/169 kBProgress (2): 122/189 kB | 106/169 kBProgress (2): 139/189 kB | 106/169 kBProgress (2): 139/189 kB | 122/169 kBProgress (2): 155/189 kB | 122/169 kBProgress (2): 155/189 kB | 139/169 kBProgress (2): 172/189 kB | 139/169 kBProgress (2): 172/189 kB | 155/169 kBProgress (2): 188/189 kB | 155/169 kBProgress (2): 189 kB | 155/169 kB    Progress (2): 189 kB | 169 kB                                 Downloaded from central: https://repo.maven.apache.org/maven2/org/junit/platform/junit-platform-engine/1.9.3/junit-platform-engine-1.9.3.jar (189 kB at 186 kB/s)
Downloaded from central: https://repo.maven.apache.org/maven2/org/junit/platform/junit-platform-launcher/1.9.3/junit-platform-launcher-1.9.3.jar (169 kB at 166 kB/s)
Downloading from central: https://repo.maven.apache.org/maven2/org/junit/platform/junit-platform-launcher/1.11.4/junit-platform-launcher-1.11.4.pom
Progress (1): 967 BProgress (1): 3.0 kB                    Downloaded from central: https://repo.maven.apache.org/maven2/org/junit/platform/junit-platform-launcher/1.11.4/junit-platform-launcher-1.11.4.pom (3.0 kB at 17 kB/s)
Downloading from central: https://repo.maven.apache.org/maven2/org/junit/platform/junit-platform-launcher/1.11.4/junit-platform-launcher-1.11.4.jar
Progress (1): 7.7/189 kBProgress (1): 16/189 kB Progress (1): 32/189 kBProgress (1): 48/189 kBProgress (1): 65/189 kBProgress (1): 81/189 kBProgress (1): 98/189 kBProgress (1): 114/189 kBProgress (1): 130/189 kBProgress (1): 147/189 kBProgress (1): 163/189 kBProgress (1): 179/189 kBProgress (1): 189 kB                        Downloaded from central: https://repo.maven.apache.org/maven2/org/junit/platform/junit-platform-launcher/1.11.4/junit-platform-launcher-1.11.4.jar (189 kB at 231 kB/s)
[INFO] 
[INFO] -------------------------------------------------------
[INFO]  T E S T S
[INFO] -------------------------------------------------------
[INFO] Running com.halleyx.backend.BackendApplicationTests
20:41:30.984 [main] INFO org.springframework.test.context.support.AnnotationConfigContextLoaderUtils -- Could not detect default configuration classes for test class [com.halleyx.backend.BackendApplicationTests]: BackendApplicationTests does not declare any static, non-private, non-final, nested classes annotated with @Configuration.
[ERROR] Tests run: 1, Failures: 0, Errors: 1, Skipped: 0, Time elapsed: 0.460 s <<< FAILURE! -- in com.halleyx.backend.BackendApplicationTests
[ERROR] com.halleyx.backend.BackendApplicationTests -- Time elapsed: 0.460 s <<< ERROR!
java.lang.IllegalStateException: Unable to find a @SpringBootConfiguration by searching packages upwards from the test. You can use @ContextConfiguration, @SpringBootTest(classes=...) or other Spring Test supported mechanisms to explicitly declare the configuration classes to load. Classes annotated with @TestConfiguration are not considered.
	at org.springframework.util.Assert.state(Assert.java:79)
	at org.springframework.boot.test.context.SpringBootTestContextBootstrapper.findConfigurationClass(SpringBootTestContextBootstrapper.java:246)
	at org.springframework.boot.test.context.SpringBootTestContextBootstrapper.getOrFindConfigurationClasses(SpringBootTestContextBootstrapper.java:233)
	at org.springframework.boot.test.context.SpringBootTestContextBootstrapper.processMergedContextConfiguration(SpringBootTestContextBootstrapper.java:150)
	at org.springframework.test.context.support.AbstractTestContextBootstrapper.buildMergedContextConfiguration(AbstractTestContextBootstrapper.java:351)
	at org.springframework.test.context.support.AbstractTestContextBootstrapper.buildDefaultMergedContextConfiguration(AbstractTestContextBootstrapper.java:267)
	at org.springframework.test.context.support.AbstractTestContextBootstrapper.buildMergedContextConfiguration(AbstractTestContextBootstrapper.java:215)
	at org.springframework.test.context.support.AbstractTestContextBootstrapper.buildTestContext(AbstractTestContextBootstrapper.java:108)
	at org.springframework.boot.test.context.SpringBootTestContextBootstrapper.buildTestContext(SpringBootTestContextBootstrapper.java:111)
	at org.springframework.test.context.TestContextManager.<init>(TestContextManager.java:142)
	at org.springframework.test.context.TestContextManager.<init>(TestContextManager.java:126)
	at org.springframework.test.context.junit.jupiter.SpringExtension.getTestContextManager(SpringExtension.java:363)
	at org.springframework.test.context.junit.jupiter.SpringExtension.beforeAll(SpringExtension.java:128)
	at java.base/java.util.ArrayList.forEach(ArrayList.java:1596)

[INFO] 
[INFO] Results:
[INFO] 
[ERROR] Errors: 
[ERROR]   BackendApplicationTests » IllegalState Unable to find a @SpringBootConfiguration by searching packages upwards from the test. You can use @ContextConfiguration, @SpringBootTest(classes=...) or other Spring Test supported mechanisms to explicitly declare the configuration classes to load. Classes annotated with @TestConfiguration are not considered.
[INFO] 
[ERROR] Tests run: 1, Failures: 0, Errors: 1, Skipped: 0
[INFO] 
[INFO] ------------------------------------------------------------------------
[INFO] BUILD FAILURE
[INFO] ------------------------------------------------------------------------
[INFO] Total time:  19.822 s
[INFO] Finished at: 2026-03-16T20:41:31+05:30
[INFO] ------------------------------------------------------------------------
[ERROR] Failed to execute goal org.apache.maven.plugins:maven-surefire-plugin:3.5.2:test (default-test) on project multi-tenant-saas: 
[ERROR] 
[ERROR] See /home/sri/Downloads/halleyx/backend/target/surefire-reports for the individual test results.
[ERROR] See dump files (if any exist) [date].dump, [date]-jvmRun[N].dump and [date].dumpstream.
[ERROR] -> [Help 1]
[ERROR] 
[ERROR] To see the full stack trace of the errors, re-run Maven with the -e switch.
[ERROR] Re-run Maven using the -X switch to enable full debug logging.
[ERROR] 
[ERROR] For more information about the errors and possible solutions, please read the following articles:
[ERROR] [Help 1] http://cwiki.apache.org/confluence/display/MAVEN/MojoFailureException
